# OP_name            resname atom1 atom2  OP_mean OP_stddev OP_stem
#--------------------------------------------------------------------
gamma1_1             POPC    C1    H11    0.26908  0.01105  0.00781
gamma1_2             POPC    C1    H12   -0.00058  0.12314  0.08707
gamma1_3             POPC    C1    H13   -0.15241  0.03939  0.02785
gamma2_1             POPC    C2    H21    0.29126  0.00878  0.00621
gamma2_2             POPC    C2    H22   -0.12215  0.07662  0.05418
gamma2_3             POPC    C2    H23   -0.02814  0.09985  0.07060
gamma3_1             POPC    C3    H31    0.29377  0.02056  0.01454
gamma3_2             POPC    C3    H32   -0.15908  0.00602  0.00426
gamma3_3             POPC    C3    H33   -0.10816  0.08941  0.06322
beta1                POPC    C5    H51   -0.06165  0.01543  0.01091
beta2                POPC    C5    H52   -0.20147  0.06124  0.04330
alpha1               POPC    C6    H61    0.07646  0.03336  0.02359
alpha2               POPC    C6    H62    0.03004  0.32339  0.22867
g3_1                 POPC    C12   H121  -0.24678  0.11799  0.08344
g3_2                 POPC    C12   H122  -0.25246  0.19114  0.13516
g2_1                 POPC    C13   H131  -0.20470  0.08404  0.05943
g1_1                 POPC    C32   H321   0.15300  0.34233  0.24206
g1_2                 POPC    C32   H322   0.13856  0.17963  0.12701
palmitoyl_C2a        POPC    C36   H361  -0.09338  0.12915  0.09133
palmitoyl_C2b        POPC    C36   H362  -0.22746  0.00913  0.00646
palmitoyl_C3a        POPC    C37   H371  -0.13880  0.02588  0.01830
palmitoyl_C3b        POPC    C37   H372  -0.25678  0.01649  0.01166
palmitoyl_C4a        POPC    C38   H381  -0.14984  0.07149  0.05055
palmitoyl_C4b        POPC    C38   H382  -0.36695  0.04882  0.03452
palmitoyl_C5a        POPC    C39   H391  -0.13703  0.14314  0.10122
palmitoyl_C5b        POPC    C39   H392  -0.32262  0.00476  0.00336
palmitoyl_C6a        POPC    C40   H401  -0.16107  0.12523  0.08855
palmitoyl_C6b        POPC    C40   H402  -0.31657  0.03864  0.02732
palmitoyl_C7a        POPC    C41   H411  -0.20941  0.10176  0.07196
palmitoyl_C7b        POPC    C41   H412  -0.34522  0.03423  0.02420
palmitoyl_C8a        POPC    C42   H421  -0.30950  0.06510  0.04603
palmitoyl_C8b        POPC    C42   H422  -0.27753  0.00200  0.00141
palmitoyl_C9a        POPC    C43   H431  -0.25715  0.11186  0.07910
palmitoyl_C9b        POPC    C43   H432  -0.27894  0.00429  0.00304
palmitoyl_C10a       POPC    C44   H441  -0.21035  0.00666  0.00471
palmitoyl_C10b       POPC    C44   H442  -0.19490  0.05124  0.03623
palmitoyl_C11a       POPC    C45   H451  -0.15974  0.00320  0.00227
palmitoyl_C11b       POPC    C45   H452  -0.08925  0.08710  0.06159
palmitoyl_C12a       POPC    C46   H461  -0.17360  0.00709  0.00501
palmitoyl_C12b       POPC    C46   H462  -0.18104  0.06621  0.04681
palmitoyl_C13a       POPC    C47   H471  -0.17176  0.00048  0.00034
palmitoyl_C13b       POPC    C47   H472  -0.20628  0.06401  0.04526
palmitoyl_C14a       POPC    C48   H481  -0.23857  0.07157  0.05060
palmitoyl_C14b       POPC    C48   H482  -0.14737  0.13249  0.09368
palmitoyl_C15a       POPC    C49   H491  -0.26314  0.01094  0.00774
palmitoyl_C15b       POPC    C49   H492  -0.08283  0.03491  0.02469
palmitoyl_C16a       POPC    C50   H501   0.20177  0.12684  0.08969
palmitoyl_C16b       POPC    C50   H502  -0.26063  0.00957  0.00677
palmitoyl_C16c       POPC    C50   H503  -0.08801  0.04020  0.02843
oleoyl_C2a           POPC    C17   H171  -0.22620  0.01642  0.01161
oleoyl_C2b           POPC    C17   H172  -0.13459  0.02176  0.01538
oleoyl_C3a           POPC    C18   H181  -0.26783  0.05174  0.03659
oleoyl_C3b           POPC    C18   H182  -0.17630  0.05157  0.03646
oleoyl_C4a           POPC    C19   H191  -0.20330  0.08895  0.06289
oleoyl_C4b           POPC    C19   H192  -0.32108  0.00774  0.00547
oleoyl_C5a           POPC    C20   H201  -0.24807  0.10224  0.07230
oleoyl_C5b           POPC    C20   H202  -0.31801  0.03167  0.02240
oleoyl_C6a           POPC    C21   H211  -0.16164  0.08751  0.06188
oleoyl_C6b           POPC    C21   H212  -0.24249  0.04005  0.02832
oleoyl_C7a           POPC    C22   H221  -0.07716  0.02008  0.01420
oleoyl_C7b           POPC    C22   H222  -0.15447  0.03492  0.02469
oleoyl_C8a           POPC    C23   H231   0.03078  0.12706  0.08985
oleoyl_C8b           POPC    C23   H232  -0.00414  0.09433  0.06670
oleoyl_C9a           POPC    C24   H241  -0.08234  0.09548  0.06751
oleoyl_C10a          POPC    C25   H251  -0.09843  0.15687  0.11093
oleoyl_C11a          POPC    C26   H261   0.07099  0.09106  0.06439
oleoyl_C11b          POPC    C26   H262  -0.17587  0.06821  0.04823
oleoyl_C12a          POPC    C27   H271  -0.00984  0.14309  0.10118
oleoyl_C12b          POPC    C27   H272  -0.09959  0.07767  0.05492
oleoyl_C13a          POPC    C28   H281  -0.07479  0.28965  0.20481
oleoyl_C13b          POPC    C28   H282  -0.07409  0.05744  0.04062
oleoyl_C14a          POPC    C29   H291  -0.07563  0.13500  0.09546
oleoyl_C14b          POPC    C29   H292  -0.11436  0.00296  0.00209
oleoyl_C15a          POPC    C30   H301  -0.07773  0.20572  0.14547
oleoyl_C15b          POPC    C30   H302  -0.03962  0.04084  0.02888
oleoyl_C16a          POPC    C31   H311  -0.16792  0.18560  0.13124
oleoyl_C16b          POPC    C31   H312   0.01884  0.01632  0.01154
oleoyl_C17a          POPC    CA1   HA11  -0.14423  0.10238  0.07239
oleoyl_C17b          POPC    CA1   HA12  -0.06566  0.06046  0.04275
oleoyl_C18a          POPC    CA2   HA21  -0.00830  0.03999  0.02828
oleoyl_C18b          POPC    CA2   HA22  -0.14279  0.10073  0.07123
oleoyl_C18c          POPC    CA2   HA23  -0.06147  0.05776  0.04084
